#-----------------------------------------------------------
# Vivado v2024.1 (64-bit)
# SW Build 5076996 on Wed May 22 18:37:14 MDT 2024
# IP Build 5075265 on Wed May 22 21:45:21 MDT 2024
# SharedData Build 5076995 on Wed May 22 18:29:18 MDT 2024
# Start of session at: Tue Apr 29 12:53:18 2025
# Process ID: 16776
# Current directory: C:/Users/sergi/Downloads/SED/Lab/Trabajo_micros/Trabajo-SED-VDHL-2/Trabajo_SED_2/Trabajo_SED_2.runs/impl_1
# Command line: vivado.exe -log top.vdi -applog -product Vivado -messageDb vivado.pb -mode batch -source top.tcl -notrace
# Log file: C:/Users/sergi/Downloads/SED/Lab/Trabajo_micros/Trabajo-SED-VDHL-2/Trabajo_SED_2/Trabajo_SED_2.runs/impl_1/top.vdi
# Journal file: C:/Users/sergi/Downloads/SED/Lab/Trabajo_micros/Trabajo-SED-VDHL-2/Trabajo_SED_2/Trabajo_SED_2.runs/impl_1\vivado.jou
# Running On        :DESKTOP-81MS265
# Platform          :Windows Server 2016 or Windows 10
# Operating System  :26100
# Processor Detail  :Intel(R) Core(TM) i5-10210U CPU @ 1.60GHz
# CPU Frequency     :2112 MHz
# CPU Physical cores:4
# CPU Logical cores :8
# Host memory       :8376 MB
# Swap memory       :4563 MB
# Total Virtual     :12940 MB
# Available Virtual :5150 MB
#-----------------------------------------------------------
source top.tcl -notrace
