#-----------------------------------------------------------
# Vivado v2024.1 (64-bit)
# SW Build 5076996 on Wed May 22 18:37:14 MDT 2024
# IP Build 5075265 on Wed May 22 21:45:21 MDT 2024
# SharedData Build 5076995 on Wed May 22 18:29:18 MDT 2024
# Start of session at: Mon Apr 21 18:56:55 2025
# Process ID: 16820
# Current directory: C:/Users/LENOVO/Documents/GitHub/Trabajo-SED-VDHL-2/Trabajo_SED_2
# Command line: vivado.exe -gui_launcher_event rodinguilauncherevent16256 C:\Users\LENOVO\Documents\GitHub\Trabajo-SED-VDHL-2\Trabajo_SED_2\Trabajo_SED_2.xpr
# Log file: C:/Users/LENOVO/Documents/GitHub/Trabajo-SED-VDHL-2/Trabajo_SED_2/vivado.log
# Journal file: C:/Users/LENOVO/Documents/GitHub/Trabajo-SED-VDHL-2/Trabajo_SED_2\vivado.jou
# Running On        :AMELIE
# Platform          :Windows Server 2016 or Windows 10
# Operating System  :19045
# Processor Detail  :Intel(R) Core(TM) i7-10510U CPU @ 1.80GHz
# CPU Frequency     :2304 MHz
# CPU Physical cores:4
# CPU Logical cores :8
# Host memory       :8377 MB
# Swap memory       :9663 MB
# Total Virtual     :18040 MB
# Available Virtual :8575 MB
#-----------------------------------------------------------
start_gui
open_project C:/Users/LENOVO/Documents/GitHub/Trabajo-SED-VDHL-2/Trabajo_SED_2/Trabajo_SED_2.xpr
update_compile_order -fileset sources_1
launch_simulation
open_wave_config C:/Users/LENOVO/Documents/GitHub/Trabajo-SED-VDHL-2/Trabajo_SED_2/display_tb_behav.wcfg
open_wave_config C:/Users/LENOVO/Documents/GitHub/Trabajo-SED-VDHL-2/Trabajo_SED_2/FSM_tb_behav.wcfg
source FSM_tb.tcl
close_sim
launch_simulation
open_wave_config C:/Users/LENOVO/Documents/GitHub/Trabajo-SED-VDHL-2/Trabajo_SED_2/display_tb_behav.wcfg
open_wave_config C:/Users/LENOVO/Documents/GitHub/Trabajo-SED-VDHL-2/Trabajo_SED_2/FSM_tb_behav.wcfg
source FSM_tb.tcl
close_sim
