#-----------------------------------------------------------
# Vivado v2024.1 (64-bit)
# SW Build 5076996 on Wed May 22 18:37:14 MDT 2024
# IP Build 5075265 on Wed May 22 21:45:21 MDT 2024
# SharedData Build 5076995 on Wed May 22 18:29:18 MDT 2024
# Start of session at: Thu Apr  3 19:47:47 2025
# Process ID: 5192
# Current directory: C:/Users/sergi/Downloads/SED/Lab/Trabajo_micros/Trabajo-SED-VDHL-2/Trabajo_SED_2
# Command line: vivado.exe -gui_launcher_event rodinguilauncherevent11572 C:\Users\sergi\Downloads\SED\Lab\Trabajo_micros\Trabajo-SED-VDHL-2\Trabajo_SED_2\Trabajo_SED_2.xpr
# Log file: C:/Users/sergi/Downloads/SED/Lab/Trabajo_micros/Trabajo-SED-VDHL-2/Trabajo_SED_2/vivado.log
# Journal file: C:/Users/sergi/Downloads/SED/Lab/Trabajo_micros/Trabajo-SED-VDHL-2/Trabajo_SED_2\vivado.jou
# Running On        :DESKTOP-81MS265
# Platform          :Windows Server 2016 or Windows 10
# Operating System  :26100
# Processor Detail  :Intel(R) Core(TM) i5-10210U CPU @ 1.60GHz
# CPU Frequency     :2112 MHz
# CPU Physical cores:4
# CPU Logical cores :8
# Host memory       :8376 MB
# Swap memory       :4831 MB
# Total Virtual     :13208 MB
# Available Virtual :4064 MB
#-----------------------------------------------------------
start_gui
open_project C:/Users/sergi/Downloads/SED/Lab/Trabajo_micros/Trabajo-SED-VDHL-2/Trabajo_SED_2/Trabajo_SED_2.xpr
update_compile_order -fileset sources_1
set_property SOURCE_SET sources_1 [get_filesets sim_1]
close [ open C:/Users/sergi/Downloads/SED/Lab/Trabajo_micros/Trabajo-SED-VDHL-2/Trabajo_SED_2/Trabajo_SED_2.srcs/sim_1/new/display_tb.vhd w ]
add_files -fileset sim_1 C:/Users/sergi/Downloads/SED/Lab/Trabajo_micros/Trabajo-SED-VDHL-2/Trabajo_SED_2/Trabajo_SED_2.srcs/sim_1/new/display_tb.vhd
update_compile_order -fileset sim_1
launch_simulation
source FSM_tb.tcl
close_sim
# Disabling source management mode.  This is to allow the top design properties to be set without GUI intervention.
set_property source_mgmt_mode None [current_project]
set_property top display_tb [get_filesets sim_1]
set_property top_lib xil_defaultlib [get_filesets sim_1]
# Re-enabling previously disabled source management mode.
set_property source_mgmt_mode All [current_project]
update_compile_order -fileset sim_1
launch_simulation
source display_tb.tcl
close_sim
# Disabling source management mode.  This is to allow the top design properties to be set without GUI intervention.
set_property source_mgmt_mode None [current_project]
set_property top display [current_fileset]
# Re-enabling previously disabled source management mode.
set_property source_mgmt_mode All [current_project]
update_compile_order -fileset sources_1
launch_simulation
source display_tb.tcl
close_sim
synth_design -top display -part xc7a100tcsg324-1 -lint 
launch_simulation
source display_tb.tcl
close_sim
launch_simulation
source display_tb.tcl
close_sim
